// Jest Snapshot v1, https://goo.gl/fbAQLP

exports[`StripeUpe Shipping Component matches snapshot 1`] = `
[
  <div
    class="stepHeader"
    style="padding:0"
  >
    <div
      id="StripeUpeShipping"
      style="width:100%"
    />
  </div>,
  <br />,
]
`;
