// Jest Snapshot v1, https://goo.gl/fbAQLP

exports[`Popover Component renders empty list when empty array is passed 1`] = `
<Memo(PopoverList)
  items={[]}
/>
`;

exports[`Popover Component renders list with highlighted text 1`] = `
<li
  className="popoverList-item"
  index={1}
  item={
    {
      "content": [
        <strong>
          Ips
        </strong>,
        <React.Fragment>
          um
        </React.Fragment>,
      ],
      "id": "y",
    }
  }
  key="1"
>
  <strong
    key="1"
  >
    Ips
  </strong>
  um
</li>
`;

exports[`Popover Component renders list with passed items 1`] = `
<Memo(PopoverList)
  items={
    [
      {
        "content": "Lorem",
        "id": "x",
      },
      {
        "content": "Ipsum",
        "id": "y",
      },
      {
        "content": "Foo",
        "id": "z",
      },
    ]
  }
>
  <ul
    className="popoverList"
  >
    <li
      className="popoverList-item"
      index={0}
      item={
        {
          "content": "Lorem",
          "id": "x",
        }
      }
      key="0"
    >
      Lorem
    </li>
    <li
      className="popoverList-item"
      index={1}
      item={
        {
          "content": "Ipsum",
          "id": "y",
        }
      }
      key="1"
    >
      Ipsum
    </li>
    <li
      className="popoverList-item"
      index={2}
      item={
        {
          "content": "Foo",
          "id": "z",
        }
      }
      key="2"
    >
      Foo
    </li>
  </ul>
</Memo(PopoverList)>
`;
