// Jest Snapshot v1, https://goo.gl/fbAQLP

exports[`TranslatedLink Component renders translated link 1`] = `
[
  "Not foo@bar? ",
  <a
    href="#"
  >
    Change email
  </a>,
  ".",
]
`;
